// Jest Snapshot v1, https://goo.gl/fbAQLP

exports[`<Spinner /> should match snapshots 1`] = `
<div
  class="transparent-container"
  data-testid="spinner"
>
  <div
    class="loader"
  />
</div>
`;
